
--- 2026-08-04T04:53:15.011Z debug
🪵  Writing logs to "C:\Users\cyrei.DESKTOP-QVJ935S\Documents\Auto Auctioneer\scheduler\.wrangler\logs\wrangler-2026-08-04_04-53-14_746.log"
---

--- 2026-08-04T04:53:15.011Z debug
.env file not found at "C:\Users\cyrei.DESKTOP-QVJ935S\Documents\Auto Auctioneer\scheduler\.env". Continuing... For more details, refer to https://developers.cloudflare.com/workers/wrangler/system-environment-variables/
---

--- 2026-08-04T04:53:15.012Z debug
.env file not found at "C:\Users\cyrei.DESKTOP-QVJ935S\Documents\Auto Auctioneer\scheduler\.env.local". Continuing... For more details, refer to https://developers.cloudflare.com/workers/wrangler/system-environment-variables/
---

--- 2026-08-04T04:53:15.065Z log

 ⛅️ wrangler 4.92.0
───────────────────
---

--- 2026-08-04T04:53:15.076Z debug
Error sending metrics event Error: EPERM: operation not permitted, mkdir 'C:\Users\cyrei.DESKTOP-QVJ935S\AppData\Roaming\xdg.config\.wrangler'
    at Object.mkdirSync (node:fs:1350:26)
    at writeMetricsConfig (C:\Users\cyrei.DESKTOP-QVJ935S\Documents\Auto Auctioneer\node_modules\wrangler\wrangler-dist\cli.js:55951:8)
    at getDeviceId (C:\Users\cyrei.DESKTOP-QVJ935S\Documents\Auto Auctioneer\node_modules\wrangler\wrangler-dist\cli.js:55986:5)
    at getMetricsConfig (C:\Users\cyrei.DESKTOP-QVJ935S\Documents\Auto Auctioneer\node_modules\wrangler\wrangler-dist\cli.js:55919:20)
    at dispatch (C:\Users\cyrei.DESKTOP-QVJ935S\Documents\Auto Auctioneer\node_modules\wrangler\wrangler-dist\cli.js:56105:27)
    at Object.sendCommandEvent (C:\Users\cyrei.DESKTOP-QVJ935S\Documents\Auto Auctioneer\node_modules\wrangler\wrangler-dist\cli.js:56092:9)
    at C:\Users\cyrei.DESKTOP-QVJ935S\Documents\Auto Auctioneer\node_modules\wrangler\wrangler-dist\cli.js:179087:20
    at AsyncLocalStorage.run (node:internal/async_local_storage/async_context_frame:63:14)
    at run (C:\Users\cyrei.DESKTOP-QVJ935S\Documents\Auto Auctioneer\node_modules\wrangler\wrangler-dist\cli.js:63924:61)
    at Object.handler (C:\Users\cyrei.DESKTOP-QVJ935S\Documents\Auto Auctioneer\node_modules\wrangler\wrangler-dist\cli.js:179046:13) {
  errno: -4048,
  code: 'EPERM',
  syscall: 'mkdir',
  path: 'C:\\Users\\cyrei.DESKTOP-QVJ935S\\AppData\\Roaming\\xdg.config\\.wrangler'
}
---
